144.48.142.222 - - [27/Mar/2020:13:02:15 -0400] "GET / HTTP/1.1" 403 4897 "-" "Mozilla/5.0 (Windows NT 10.0; Win64; x64) AppleWebKit/537.36 (KHTML, like Gecko) Chrome/80.0.3987.122 Safari/537.36"
144.48.142.222 - - [27/Mar/2020:13:02:15 -0400] "GET /noindex/css/open-sans.css HTTP/1.1" 200 5081 "http://keepnaive233.network/" "Mozilla/5.0 (Windows NT 10.0; Win64; x64) AppleWebKit/537.36 (KHTML, like Gecko) Chrome/80.0.3987.122 Safari/537.36"
144.48.142.222 - - [27/Mar/2020:13:02:15 -0400] "GET /noindex/css/bootstrap.min.css HTTP/1.1" 200 19341 "http://keepnaive233.network/" "Mozilla/5.0 (Windows NT 10.0; Win64; x64) AppleWebKit/537.36 (KHTML, like Gecko) Chrome/80.0.3987.122 Safari/537.36"
144.48.142.222 - - [27/Mar/2020:13:02:15 -0400] "GET /images/poweredby.png HTTP/1.1" 200 3956 "http://keepnaive233.network/" "Mozilla/5.0 (Windows NT 10.0; Win64; x64) AppleWebKit/537.36 (KHTML, like Gecko) Chrome/80.0.3987.122 Safari/537.36"
144.48.142.222 - - [27/Mar/2020:13:02:15 -0400] "GET /images/apache_pb.gif HTTP/1.1" 200 2326 "http://keepnaive233.network/" "Mozilla/5.0 (Windows NT 10.0; Win64; x64) AppleWebKit/537.36 (KHTML, like Gecko) Chrome/80.0.3987.122 Safari/537.36"
144.48.142.222 - - [27/Mar/2020:13:02:16 -0400] "GET /noindex/css/fonts/Light/OpenSans-Light.woff HTTP/1.1" 404 241 "http://keepnaive233.network/noindex/css/open-sans.css" "Mozilla/5.0 (Windows NT 10.0; Win64; x64) AppleWebKit/537.36 (KHTML, like Gecko) Chrome/80.0.3987.122 Safari/537.36"
144.48.142.222 - - [27/Mar/2020:13:02:16 -0400] "GET /noindex/css/fonts/Bold/OpenSans-Bold.woff HTTP/1.1" 404 239 "http://keepnaive233.network/noindex/css/open-sans.css" "Mozilla/5.0 (Windows NT 10.0; Win64; x64) AppleWebKit/537.36 (KHTML, like Gecko) Chrome/80.0.3987.122 Safari/537.36"
144.48.142.222 - - [27/Mar/2020:13:02:17 -0400] "GET /noindex/css/fonts/Light/OpenSans-Light.ttf HTTP/1.1" 404 240 "http://keepnaive233.network/noindex/css/open-sans.css" "Mozilla/5.0 (Windows NT 10.0; Win64; x64) AppleWebKit/537.36 (KHTML, like Gecko) Chrome/80.0.3987.122 Safari/537.36"
144.48.142.222 - - [27/Mar/2020:13:02:17 -0400] "GET /noindex/css/fonts/Bold/OpenSans-Bold.ttf HTTP/1.1" 404 238 "http://keepnaive233.network/noindex/css/open-sans.css" "Mozilla/5.0 (Windows NT 10.0; Win64; x64) AppleWebKit/537.36 (KHTML, like Gecko) Chrome/80.0.3987.122 Safari/537.36"
3.14.255.131 - - [27/Mar/2020:13:17:30 -0400] "GET /.well-known/acme-challenge/8qtKe4EdYN72nJOrmRJ1CzVqis8xcqM4UQGAoTc0N58 HTTP/1.1" 404 268 "-" "Mozilla/5.0 (compatible; Let's Encrypt validation server; +https://www.letsencrypt.org)"
34.222.229.130 - - [27/Mar/2020:13:17:30 -0400] "GET /.well-known/acme-challenge/8qtKe4EdYN72nJOrmRJ1CzVqis8xcqM4UQGAoTc0N58 HTTP/1.1" 404 268 "-" "Mozilla/5.0 (compatible; Let's Encrypt validation server; +https://www.letsencrypt.org)"
18.194.58.132 - - [27/Mar/2020:13:17:30 -0400] "GET /.well-known/acme-challenge/8qtKe4EdYN72nJOrmRJ1CzVqis8xcqM4UQGAoTc0N58 HTTP/1.1" 404 268 "-" "Mozilla/5.0 (compatible; Let's Encrypt validation server; +https://www.letsencrypt.org)"
66.133.109.36 - - [27/Mar/2020:13:17:30 -0400] "GET /.well-known/acme-challenge/8qtKe4EdYN72nJOrmRJ1CzVqis8xcqM4UQGAoTc0N58 HTTP/1.1" 404 268 "-" "Mozilla/5.0 (compatible; Let's Encrypt validation server; +https://www.letsencrypt.org)"
34.209.232.166 - - [27/Mar/2020:13:19:12 -0400] "GET /.well-known/acme-challenge/gJUpKFxtkaetxO_8NFGG4PDKiFLudq29YNKCpvvlibU HTTP/1.1" 404 268 "-" "Mozilla/5.0 (compatible; Let's Encrypt validation server; +https://www.letsencrypt.org)"
3.14.255.131 - - [27/Mar/2020:13:19:12 -0400] "GET /.well-known/acme-challenge/gJUpKFxtkaetxO_8NFGG4PDKiFLudq29YNKCpvvlibU HTTP/1.1" 404 268 "-" "Mozilla/5.0 (compatible; Let's Encrypt validation server; +https://www.letsencrypt.org)"
66.133.109.36 - - [27/Mar/2020:13:19:12 -0400] "GET /.well-known/acme-challenge/gJUpKFxtkaetxO_8NFGG4PDKiFLudq29YNKCpvvlibU HTTP/1.1" 404 268 "-" "Mozilla/5.0 (compatible; Let's Encrypt validation server; +https://www.letsencrypt.org)"
52.28.236.88 - - [27/Mar/2020:13:19:12 -0400] "GET /.well-known/acme-challenge/gJUpKFxtkaetxO_8NFGG4PDKiFLudq29YNKCpvvlibU HTTP/1.1" 404 268 "-" "Mozilla/5.0 (compatible; Let's Encrypt validation server; +https://www.letsencrypt.org)"
45.88.40.168 - - [27/Mar/2020:13:19:16 -0400] "GET /.well-known/acme-challenge/gJUpKFxtkaetxO_8NFGG4PDKiFLudq29YNKCpvvlibU HTTP/1.1" 404 268 "-" "acme.sh/2.8.6 (https://github.com/acmesh-official/acme.sh)"
52.15.254.228 - - [27/Mar/2020:13:21:30 -0400] "GET /.well-known/acme-challenge/wHwrklAup6Yu9C_W8foVB05k7NwnY_ErBW09i7OO_d8 HTTP/1.1" 403 272 "-" "Mozilla/5.0 (compatible; Let's Encrypt validation server; +https://www.letsencrypt.org)"
52.28.236.88 - - [27/Mar/2020:13:21:30 -0400] "GET /.well-known/acme-challenge/wHwrklAup6Yu9C_W8foVB05k7NwnY_ErBW09i7OO_d8 HTTP/1.1" 403 272 "-" "Mozilla/5.0 (compatible; Let's Encrypt validation server; +https://www.letsencrypt.org)"
34.209.232.166 - - [27/Mar/2020:13:21:30 -0400] "GET /.well-known/acme-challenge/wHwrklAup6Yu9C_W8foVB05k7NwnY_ErBW09i7OO_d8 HTTP/1.1" 403 272 "-" "Mozilla/5.0 (compatible; Let's Encrypt validation server; +https://www.letsencrypt.org)"
66.133.109.36 - - [27/Mar/2020:13:21:30 -0400] "GET /.well-known/acme-challenge/wHwrklAup6Yu9C_W8foVB05k7NwnY_ErBW09i7OO_d8 HTTP/1.1" 403 272 "-" "Mozilla/5.0 (compatible; Let's Encrypt validation server; +https://www.letsencrypt.org)"
66.133.109.36 - - [27/Mar/2020:13:21:55 -0400] "GET /.well-known/acme-challenge/DCaZUNP3WcwB9Y1TQ_S3zCE61PtnI4Jzrp9IrU3Fmz8 HTTP/1.1" 403 272 "-" "Mozilla/5.0 (compatible; Let's Encrypt validation server; +https://www.letsencrypt.org)"
45.88.40.168 - - [27/Mar/2020:13:21:58 -0400] "GET /.well-known/acme-challenge/DCaZUNP3WcwB9Y1TQ_S3zCE61PtnI4Jzrp9IrU3Fmz8 HTTP/1.1" 403 272 "-" "acme.sh/2.8.6 (https://github.com/acmesh-official/acme.sh)"
144.48.142.222 - - [27/Mar/2020:13:22:38 -0400] "GET /.well-known/acme-challenge/DCaZUNP3WcwB9Y1TQ_S3zCE61PtnI4Jzrp9IrU3Fmz8 HTTP/1.1" 403 272 "-" "Mozilla/5.0 (Windows NT 10.0; Win64; x64) AppleWebKit/537.36 (KHTML, like Gecko) Chrome/80.0.3987.122 Safari/537.36"
144.48.142.222 - - [27/Mar/2020:13:22:54 -0400] "GET /.well-known/acme-challenge/DCaZUNP3WcwB9Y1TQ_S3zCE61PtnI4Jzrp9IrU3Fmz8 HTTP/1.1" 403 272 "-" "Mozilla/5.0 (Windows NT 10.0; Win64; x64) AppleWebKit/537.36 (KHTML, like Gecko) Chrome/80.0.3987.122 Safari/537.36"
170.0.81.242 - - [27/Mar/2020:14:56:32 -0400] "POST /boaform/admin/formPing HTTP/1.1" 400 226 "-" "polaris botnet"
185.173.35.33 - - [27/Mar/2020:15:14:30 -0400] "GET / HTTP/1.1" 403 4897 "-" "NetSystemsResearch studies the availability of various services across the internet. Our website is netsystemsresearch.com"
45.227.255.233 - - [27/Mar/2020:15:37:05 -0400] "GET / HTTP/1.0" 403 4897 "-" "Mozilla/5.0 (X11; Linux x86_64) AppleWebKit/537.36 (KHTML, like Gecko)Chrome/75.0.3770.100 Safari/537.36"
88.204.198.42 - - [27/Mar/2020:15:43:16 -0400] "POST /boaform/admin/formPing HTTP/1.1" 400 226 "-" "polaris botnet"
111.7.100.20 - - [27/Mar/2020:15:59:38 -0400] "GET / HTTP/1.1" 403 4897 "-" "Mozilla/5.0 (Windows NT 10.0; Win64; x64) AppleWebKit/537.36 (KHTML, like Gecko) Chrome/72.0.3626.119 Safari/537.36"
171.67.70.85 - - [27/Mar/2020:16:09:06 -0400] "GET / HTTP/1.1" 403 4897 "-" "Mozilla/5.0 zgrab/0.x"
80.82.68.16 - - [27/Mar/2020:16:18:15 -0400] "GET / HTTP/1.1" 403 4897 "-" "Mozilla/5.0 (X11; Linux x86_64) AppleWebKit/537.36 (KHTML, like Gecko) Chrome/72.0.3626.121 Safari/537.36"
80.82.68.16 - - [27/Mar/2020:16:18:15 -0400] "GET /robots.txt HTTP/1.1" 404 208 "-" "Mozilla/5.0 (X11; Linux x86_64) AppleWebKit/537.36 (KHTML, like Gecko) Chrome/72.0.3626.121 Safari/537.36"
80.82.68.16 - - [27/Mar/2020:16:18:15 -0400] "GET /favicon.ico HTTP/1.1" 404 209 "-" "Mozilla/5.0 (X11; Linux x86_64) AppleWebKit/537.36 (KHTML, like Gecko) Chrome/72.0.3626.121 Safari/537.36"
5.101.0.209 - - [27/Mar/2020:16:19:30 -0400] "GET /solr/admin/info/system?wt=json HTTP/1.1" 404 220 "-" "Mozilla/5.0 (Windows NT 10.0; Win64; x64) AppleWebKit/537.36 (KHTML, like Gecko) Chrome/78.0.3904.108 Safari/537.36"
5.101.0.209 - - [27/Mar/2020:16:24:46 -0400] "GET /?a=fetch&content=<php>die(@md5(HelloThinkCMF))</php> HTTP/1.1" 403 4897 "-" "Mozilla/5.0 (Windows NT 10.0; Win64; x64) AppleWebKit/537.36 (KHTML, like Gecko) Chrome/78.0.3904.108 Safari/537.36"
5.101.0.209 - - [27/Mar/2020:16:24:48 -0400] "GET /?XDEBUG_SESSION_START=phpstorm HTTP/1.1" 403 4897 "-" "Mozilla/5.0 (Windows NT 10.0; Win64; x64) AppleWebKit/537.36 (KHTML, like Gecko) Chrome/78.0.3904.108 Safari/537.36"
5.101.0.209 - - [27/Mar/2020:16:28:05 -0400] "GET /index.php?s=/Index/\\think\\app/invokefunction&function=call_user_func_array&vars[0]=md5&vars[1][]=HelloThinkPHP HTTP/1.1" 404 207 "-" "Mozilla/5.0 (Windows NT 10.0; Win64; x64) AppleWebKit/537.36 (KHTML, like Gecko) Chrome/78.0.3904.108 Safari/537.36"
61.219.11.153 - - [27/Mar/2020:16:39:57 -0400] "-" 408 - "-" "-"
5.40.81.31 - - [27/Mar/2020:16:53:23 -0400] "GET / HTTP/1.1" 403 4897 "-" "Mozilla/5.0 (Windows NT 6.1; WOW64) AppleWebKit/537.36 (KHTML, like Gecko) Chrome/51.0.2704.103 Safari/537.36"
101.72.188.112 - - [27/Mar/2020:16:53:46 -0400] "GET / HTTP/1.1" 400 226 "-" "-"
153.187.167.124 - - [27/Mar/2020:19:20:30 -0400] "GET / HTTP/1.1" 400 226 "-" "-"
162.243.131.38 - - [27/Mar/2020:19:23:06 -0400] "GET /portal/redlion HTTP/1.1" 404 212 "-" "Mozilla/5.0 zgrab/0.x"
162.212.112.229 - - [27/Mar/2020:19:23:25 -0400] "POST /HNAP1/ HTTP/1.0" 400 226 "-" "-"
222.135.125.13 - - [27/Mar/2020:19:39:59 -0400] "GET / HTTP/1.1" 403 4897 "-" "-"
5.101.0.209 - - [27/Mar/2020:19:51:00 -0400] "GET /vendor/phpunit/phpunit/src/Util/PHP/eval-stdin.php HTTP/1.1" 404 248 "-" "Mozilla/5.0 (Windows NT 10.0; Win64; x64) AppleWebKit/537.36 (KHTML, like Gecko) Chrome/78.0.3904.108 Safari/537.36"
190.94.136.114 - - [27/Mar/2020:19:52:24 -0400] "GET / HTTP/1.1" 403 4897 "-" "Mozilla/5.0 (Windows NT 10.0; WOW64) AppleWebKit/537.36 (KHTML, like Gecko) Chrome/51.0.2704.103 Safari/537.36"
5.101.0.209 - - [27/Mar/2020:20:24:00 -0400] "POST /vendor/phpunit/phpunit/src/Util/PHP/eval-stdin.php HTTP/1.1" 404 248 "-" "Mozilla/5.0 (Windows NT 10.0; Win64; x64) AppleWebKit/537.36 (KHTML, like Gecko) Chrome/78.0.3904.108 Safari/537.36"
171.67.70.85 - - [27/Mar/2020:22:09:22 -0400] "GET / HTTP/1.1" 403 4897 "-" "Mozilla/5.0 zgrab/0.x"
34.209.232.166 - - [27/Mar/2020:22:33:12 -0400] "GET /.well-known/acme-challenge/TL5xrCKrSg0naMbmfEEzZzR4_ddFkwzfsoJRB4PIi6M HTTP/1.1" 403 272 "-" "Mozilla/5.0 (compatible; Let's Encrypt validation server; +https://www.letsencrypt.org)"
64.78.149.164 - - [27/Mar/2020:22:33:12 -0400] "GET /.well-known/acme-challenge/TL5xrCKrSg0naMbmfEEzZzR4_ddFkwzfsoJRB4PIi6M HTTP/1.1" 403 272 "-" "Mozilla/5.0 (compatible; Let's Encrypt validation server; +https://www.letsencrypt.org)"
52.15.254.228 - - [27/Mar/2020:22:33:12 -0400] "GET /.well-known/acme-challenge/TL5xrCKrSg0naMbmfEEzZzR4_ddFkwzfsoJRB4PIi6M HTTP/1.1" 403 272 "-" "Mozilla/5.0 (compatible; Let's Encrypt validation server; +https://www.letsencrypt.org)"
18.194.58.132 - - [27/Mar/2020:22:33:13 -0400] "GET /.well-known/acme-challenge/TL5xrCKrSg0naMbmfEEzZzR4_ddFkwzfsoJRB4PIi6M HTTP/1.1" 403 272 "-" "Mozilla/5.0 (compatible; Let's Encrypt validation server; +https://www.letsencrypt.org)"
144.48.142.222 - - [27/Mar/2020:22:34:40 -0400] "GET /.well-known/acme-challenge/TL5xrCKrSg0naMbmfEEzZzR4_ddFkwzfsoJRB4PIi6M HTTP/1.1" 403 272 "-" "Mozilla/5.0 (Windows NT 10.0; Win64; x64) AppleWebKit/537.36 (KHTML, like Gecko) Chrome/80.0.3987.122 Safari/537.36"
34.222.229.130 - - [28/Mar/2020:00:59:47 -0400] "GET /.well-known/acme-challenge/cnVmU9DbY4RdNqjyRJr76O_UF7bv1g1u_sXyQGMQPX4 HTTP/1.1" 403 272 "-" "Mozilla/5.0 (compatible; Let's Encrypt validation server; +https://www.letsencrypt.org)"
52.15.254.228 - - [28/Mar/2020:00:59:47 -0400] "GET /.well-known/acme-challenge/cnVmU9DbY4RdNqjyRJr76O_UF7bv1g1u_sXyQGMQPX4 HTTP/1.1" 403 272 "-" "Mozilla/5.0 (compatible; Let's Encrypt validation server; +https://www.letsencrypt.org)"
66.133.109.36 - - [28/Mar/2020:00:59:47 -0400] "GET /.well-known/acme-challenge/cnVmU9DbY4RdNqjyRJr76O_UF7bv1g1u_sXyQGMQPX4 HTTP/1.1" 403 272 "-" "Mozilla/5.0 (compatible; Let's Encrypt validation server; +https://www.letsencrypt.org)"
34.222.229.130 - - [28/Mar/2020:01:00:08 -0400] "GET /.well-known/acme-challenge/b_RfJsBjK4BS0Lyd7Of42cWHRnTH__zasl2IcIGrCPU HTTP/1.1" 403 272 "-" "Mozilla/5.0 (compatible; Let's Encrypt validation server; +https://www.letsencrypt.org)"
3.14.255.131 - - [28/Mar/2020:01:00:08 -0400] "GET /.well-known/acme-challenge/b_RfJsBjK4BS0Lyd7Of42cWHRnTH__zasl2IcIGrCPU HTTP/1.1" 403 272 "-" "Mozilla/5.0 (compatible; Let's Encrypt validation server; +https://www.letsencrypt.org)"
18.194.58.132 - - [28/Mar/2020:01:00:08 -0400] "GET /.well-known/acme-challenge/b_RfJsBjK4BS0Lyd7Of42cWHRnTH__zasl2IcIGrCPU HTTP/1.1" 403 272 "-" "Mozilla/5.0 (compatible; Let's Encrypt validation server; +https://www.letsencrypt.org)"
66.133.109.36 - - [28/Mar/2020:01:00:09 -0400] "GET /.well-known/acme-challenge/b_RfJsBjK4BS0Lyd7Of42cWHRnTH__zasl2IcIGrCPU HTTP/1.1" 403 272 "-" "Mozilla/5.0 (compatible; Let's Encrypt validation server; +https://www.letsencrypt.org)"
144.48.142.222 - - [28/Mar/2020:01:01:38 -0400] "GET /.well-known/acme-challenge/b_RfJsBjK4BS0Lyd7Of42cWHRnTH__zasl2IcIGrCPU HTTP/1.1" 403 272 "-" "Mozilla/5.0 (Windows NT 10.0; Win64; x64) AppleWebKit/537.36 (KHTML, like Gecko) Chrome/80.0.3987.122 Safari/537.36"
39.104.189.125 - - [28/Mar/2020:01:45:49 -0400] "GET / HTTP/1.1" 403 4897 "-" "Mozilla/5.0 (Macintosh; Intel Mac OS X 10_14_6) AppleWebKit/537.36 (KHTML, like Gecko) Chrome/76.0.3809.132 Safari/537.36"
54.90.236.19 - - [28/Mar/2020:03:28:44 -0400] "GET / HTTP/1.1" 403 4897 "-" "Cloud mapping experiment. Contact research@pdrlabs.net"
54.90.236.19 - - [28/Mar/2020:03:33:48 -0400] "GET /clientaccesspolicy.xml HTTP/1.1" 404 220 "-" "Cloud mapping experiment. Contact research@pdrlabs.net"
88.204.198.42 - - [28/Mar/2020:03:39:51 -0400] "POST /boaform/admin/formPing HTTP/1.1" 400 226 "-" "polaris botnet"
175.144.155.42 - - [28/Mar/2020:03:57:11 -0400] "GET / HTTP/1.1" 400 226 "-" "-"
171.67.70.85 - - [28/Mar/2020:04:14:27 -0400] "GET / HTTP/1.1" 403 4897 "-" "Mozilla/5.0 zgrab/0.x"
114.113.112.92 - - [28/Mar/2020:05:50:33 -0400] "GET /manager/html HTTP/1.1" 404 210 "-" "Mozilla/5.0 (compatible; MSIE 10.0; Windows NT 6.2; WOW64; Trident/6.0)"
93.63.162.100 - - [28/Mar/2020:06:14:43 -0400] "GET / HTTP/1.1" 403 4897 "-" "Mozilla/5.0 (Windows NT 10.0; Win64; x64) AppleWebKit/537.36 (KHTML, like Gecko) Chrome/74.0.3729.169 Safari/537.36"
90.229.241.137 - - [28/Mar/2020:06:32:54 -0400] "GET / HTTP/1.1" 403 4897 "-" "Mozilla/5.0 (Windows NT 6.1; WOW64) AppleWebKit/537.36 (KHTML, like Gecko) Chrome/51.0.2704.103 Safari/537.36"
70.45.15.216 - - [28/Mar/2020:06:51:16 -0400] "GET / HTTP/1.1" 403 4897 "-" "Mozilla/5.0 (Windows NT 6.1; WOW64) AppleWebKit/537.36 (KHTML, like Gecko) Chrome/51.0.2704.103 Safari/537.36"
93.63.162.100 - - [28/Mar/2020:06:51:59 -0400] "GET / HTTP/1.1" 403 4897 "-" "Mozilla/5.0 (Windows NT 10.0; Win64; x64) AppleWebKit/537.36 (KHTML, like Gecko) Chrome/74.0.3729.169 Safari/537.36"
2.179.221.235 - - [28/Mar/2020:07:16:52 -0400] "GET / HTTP/1.1" 403 4897 "-" "Mozilla/5.0 (Windows NT 6.1; WOW64) AppleWebKit/537.36 (KHTML, like Gecko) Chrome/52.0.2743.116 Safari/537.36"
172.245.38.148 - - [28/Mar/2020:07:21:06 -0400] "GET / HTTP/1.1" 403 4897 "-" "Mozilla/5.0 (Windows NT 10.0; WOW64) AppleWebKit/537.36 (KHTML, like Gecko) Chrome/20.0.1132.57 Safari/537.36"
93.63.162.100 - - [28/Mar/2020:07:34:55 -0400] "GET / HTTP/1.1" 403 4897 "-" "Mozilla/5.0 (Windows NT 10.0; Win64; x64) AppleWebKit/537.36 (KHTML, like Gecko) Chrome/74.0.3729.169 Safari/537.36"
156.231.38.66 - - [28/Mar/2020:07:51:00 -0400] "CONNECT ip.ws.126.net:443 HTTP/1.1" 405 225 "-" "Go-http-client/1.1"
42.236.10.117 - - [28/Mar/2020:08:50:23 -0400] "GET / HTTP/1.1" 403 4897 "http://baidu.com/" "Mozilla/5.0 (Linux; U; Android 8.1.0; zh-CN; EML-AL00 Build/HUAWEIEML-AL00) AppleWebKit/537.36 (KHTML, like Gecko) Version/4.0 Chrome/57.0.2987.108 baidu.sogo.uc.UCBrowser/11.9.4.974 UWS/2.13.1.48 Mobile Safari/537.36 AliApp(DingTalk/4.5.11) com.alibaba.android.rimet/10487439 Channel/227200 language/zh-CN"
42.236.10.125 - - [28/Mar/2020:08:50:24 -0400] "GET /noindex/css/open-sans.css HTTP/1.1" 200 5081 "http://keepnaive233.network/" "Mozilla/5.0 (Linux; U; Android 8.1.0; zh-CN; EML-AL00 Build/HUAWEIEML-AL00) AppleWebKit/537.36 (KHTML, like Gecko) Version/4.0 Chrome/57.0.2987.108 baidu.sogo.uc.UCBrowser/11.9.4.974 UWS/2.13.1.48 Mobile Safari/537.36 AliApp(DingTalk/4.5.11) com.alibaba.android.rimet/10487439 Channel/227200 language/zh-CN"
42.236.10.117 - - [28/Mar/2020:08:50:24 -0400] "GET /noindex/css/bootstrap.min.css HTTP/1.1" 200 19341 "http://keepnaive233.network/" "Mozilla/5.0 (Linux; U; Android 8.1.0; zh-CN; EML-AL00 Build/HUAWEIEML-AL00) AppleWebKit/537.36 (KHTML, like Gecko) Version/4.0 Chrome/57.0.2987.108 baidu.sogo.uc.UCBrowser/11.9.4.974 UWS/2.13.1.48 Mobile Safari/537.36 AliApp(DingTalk/4.5.11) com.alibaba.android.rimet/10487439 Channel/227200 language/zh-CN"
42.236.10.125 - - [28/Mar/2020:08:50:24 -0400] "GET /images/apache_pb.gif HTTP/1.1" 200 2326 "http://keepnaive233.network/" "Mozilla/5.0 (Linux; U; Android 8.1.0; zh-CN; EML-AL00 Build/HUAWEIEML-AL00) AppleWebKit/537.36 (KHTML, like Gecko) Version/4.0 Chrome/57.0.2987.108 baidu.sogo.uc.UCBrowser/11.9.4.974 UWS/2.13.1.48 Mobile Safari/537.36 AliApp(DingTalk/4.5.11) com.alibaba.android.rimet/10487439 Channel/227200 language/zh-CN"
42.236.10.117 - - [28/Mar/2020:08:50:24 -0400] "GET /images/poweredby.png HTTP/1.1" 200 3956 "http://keepnaive233.network/" "Mozilla/5.0 (Linux; U; Android 8.1.0; zh-CN; EML-AL00 Build/HUAWEIEML-AL00) AppleWebKit/537.36 (KHTML, like Gecko) Version/4.0 Chrome/57.0.2987.108 baidu.sogo.uc.UCBrowser/11.9.4.974 UWS/2.13.1.48 Mobile Safari/537.36 AliApp(DingTalk/4.5.11) com.alibaba.android.rimet/10487439 Channel/227200 language/zh-CN"
42.236.10.125 - - [28/Mar/2020:08:50:24 -0400] "GET /noindex/css/fonts/Bold/OpenSans-Bold.woff HTTP/1.1" 404 239 "http://keepnaive233.network/noindex/css/open-sans.css" "Mozilla/5.0 (Linux; U; Android 8.1.0; zh-CN; EML-AL00 Build/HUAWEIEML-AL00) AppleWebKit/537.36 (KHTML, like Gecko) Version/4.0 Chrome/57.0.2987.108 baidu.sogo.uc.UCBrowser/11.9.4.974 UWS/2.13.1.48 Mobile Safari/537.36 AliApp(DingTalk/4.5.11) com.alibaba.android.rimet/10487439 Channel/227200 language/zh-CN"
42.236.10.125 - - [28/Mar/2020:08:50:24 -0400] "GET /noindex/css/fonts/Light/OpenSans-Light.woff HTTP/1.1" 404 241 "http://keepnaive233.network/noindex/css/open-sans.css" "Mozilla/5.0 (Linux; U; Android 8.1.0; zh-CN; EML-AL00 Build/HUAWEIEML-AL00) AppleWebKit/537.36 (KHTML, like Gecko) Version/4.0 Chrome/57.0.2987.108 baidu.sogo.uc.UCBrowser/11.9.4.974 UWS/2.13.1.48 Mobile Safari/537.36 AliApp(DingTalk/4.5.11) com.alibaba.android.rimet/10487439 Channel/227200 language/zh-CN"
42.236.10.125 - - [28/Mar/2020:08:50:24 -0400] "GET /noindex/css/fonts/Bold/OpenSans-Bold.ttf HTTP/1.1" 404 238 "http://keepnaive233.network/noindex/css/open-sans.css" "Mozilla/5.0 (Linux; U; Android 8.1.0; zh-CN; EML-AL00 Build/HUAWEIEML-AL00) AppleWebKit/537.36 (KHTML, like Gecko) Version/4.0 Chrome/57.0.2987.108 baidu.sogo.uc.UCBrowser/11.9.4.974 UWS/2.13.1.48 Mobile Safari/537.36 AliApp(DingTalk/4.5.11) com.alibaba.android.rimet/10487439 Channel/227200 language/zh-CN"
42.236.10.125 - - [28/Mar/2020:08:50:25 -0400] "GET /noindex/css/fonts/Light/OpenSans-Light.ttf HTTP/1.1" 404 240 "http://keepnaive233.network/noindex/css/open-sans.css" "Mozilla/5.0 (Linux; U; Android 8.1.0; zh-CN; EML-AL00 Build/HUAWEIEML-AL00) AppleWebKit/537.36 (KHTML, like Gecko) Version/4.0 Chrome/57.0.2987.108 baidu.sogo.uc.UCBrowser/11.9.4.974 UWS/2.13.1.48 Mobile Safari/537.36 AliApp(DingTalk/4.5.11) com.alibaba.android.rimet/10487439 Channel/227200 language/zh-CN"
42.236.10.75 - - [28/Mar/2020:08:50:31 -0400] "GET / HTTP/1.1" 403 4897 "http://baidu.com/" "Mozilla/5.0 (Linux; U; Android 8.1.0; zh-CN; EML-AL00 Build/HUAWEIEML-AL00) AppleWebKit/537.36 (KHTML, like Gecko) Version/4.0 Chrome/57.0.2987.108 baidu.sogo.uc.UCBrowser/11.9.4.974 UWS/2.13.1.48 Mobile Safari/537.36 AliApp(DingTalk/4.5.11) com.alibaba.android.rimet/10487439 Channel/227200 language/zh-CN"
42.236.10.93 - - [28/Mar/2020:08:50:32 -0400] "GET /noindex/css/open-sans.css HTTP/1.1" 200 5081 "http://keepnaive233.network/" "Mozilla/5.0 (Linux; U; Android 8.1.0; zh-CN; EML-AL00 Build/HUAWEIEML-AL00) AppleWebKit/537.36 (KHTML, like Gecko) Version/4.0 Chrome/57.0.2987.108 baidu.sogo.uc.UCBrowser/11.9.4.974 UWS/2.13.1.48 Mobile Safari/537.36 AliApp(DingTalk/4.5.11) com.alibaba.android.rimet/10487439 Channel/227200 language/zh-CN"
42.236.10.93 - - [28/Mar/2020:08:50:32 -0400] "GET /images/apache_pb.gif HTTP/1.1" 200 2326 "http://keepnaive233.network/" "Mozilla/5.0 (Linux; U; Android 8.1.0; zh-CN; EML-AL00 Build/HUAWEIEML-AL00) AppleWebKit/537.36 (KHTML, like Gecko) Version/4.0 Chrome/57.0.2987.108 baidu.sogo.uc.UCBrowser/11.9.4.974 UWS/2.13.1.48 Mobile Safari/537.36 AliApp(DingTalk/4.5.11) com.alibaba.android.rimet/10487439 Channel/227200 language/zh-CN"
42.236.10.75 - - [28/Mar/2020:08:50:32 -0400] "GET /noindex/css/bootstrap.min.css HTTP/1.1" 200 19341 "http://keepnaive233.network/" "Mozilla/5.0 (Linux; U; Android 8.1.0; zh-CN; EML-AL00 Build/HUAWEIEML-AL00) AppleWebKit/537.36 (KHTML, like Gecko) Version/4.0 Chrome/57.0.2987.108 baidu.sogo.uc.UCBrowser/11.9.4.974 UWS/2.13.1.48 Mobile Safari/537.36 AliApp(DingTalk/4.5.11) com.alibaba.android.rimet/10487439 Channel/227200 language/zh-CN"
42.236.10.93 - - [28/Mar/2020:08:50:32 -0400] "GET /images/poweredby.png HTTP/1.1" 200 3956 "http://keepnaive233.network/" "Mozilla/5.0 (Linux; U; Android 8.1.0; zh-CN; EML-AL00 Build/HUAWEIEML-AL00) AppleWebKit/537.36 (KHTML, like Gecko) Version/4.0 Chrome/57.0.2987.108 baidu.sogo.uc.UCBrowser/11.9.4.974 UWS/2.13.1.48 Mobile Safari/537.36 AliApp(DingTalk/4.5.11) com.alibaba.android.rimet/10487439 Channel/227200 language/zh-CN"
42.236.10.75 - - [28/Mar/2020:08:50:32 -0400] "GET /noindex/css/fonts/Bold/OpenSans-Bold.woff HTTP/1.1" 404 239 "http://keepnaive233.network/noindex/css/open-sans.css" "Mozilla/5.0 (Linux; U; Android 8.1.0; zh-CN; EML-AL00 Build/HUAWEIEML-AL00) AppleWebKit/537.36 (KHTML, like Gecko) Version/4.0 Chrome/57.0.2987.108 baidu.sogo.uc.UCBrowser/11.9.4.974 UWS/2.13.1.48 Mobile Safari/537.36 AliApp(DingTalk/4.5.11) com.alibaba.android.rimet/10487439 Channel/227200 language/zh-CN"
42.236.10.93 - - [28/Mar/2020:08:50:32 -0400] "GET /noindex/css/fonts/Light/OpenSans-Light.woff HTTP/1.1" 404 241 "http://keepnaive233.network/noindex/css/open-sans.css" "Mozilla/5.0 (Linux; U; Android 8.1.0; zh-CN; EML-AL00 Build/HUAWEIEML-AL00) AppleWebKit/537.36 (KHTML, like Gecko) Version/4.0 Chrome/57.0.2987.108 baidu.sogo.uc.UCBrowser/11.9.4.974 UWS/2.13.1.48 Mobile Safari/537.36 AliApp(DingTalk/4.5.11) com.alibaba.android.rimet/10487439 Channel/227200 language/zh-CN"
42.236.10.75 - - [28/Mar/2020:08:50:33 -0400] "GET /noindex/css/fonts/Bold/OpenSans-Bold.ttf HTTP/1.1" 404 238 "http://keepnaive233.network/noindex/css/open-sans.css" "Mozilla/5.0 (Linux; U; Android 8.1.0; zh-CN; EML-AL00 Build/HUAWEIEML-AL00) AppleWebKit/537.36 (KHTML, like Gecko) Version/4.0 Chrome/57.0.2987.108 baidu.sogo.uc.UCBrowser/11.9.4.974 UWS/2.13.1.48 Mobile Safari/537.36 AliApp(DingTalk/4.5.11) com.alibaba.android.rimet/10487439 Channel/227200 language/zh-CN"
42.236.10.93 - - [28/Mar/2020:08:50:33 -0400] "GET /noindex/css/fonts/Light/OpenSans-Light.ttf HTTP/1.1" 404 240 "http://keepnaive233.network/noindex/css/open-sans.css" "Mozilla/5.0 (Linux; U; Android 8.1.0; zh-CN; EML-AL00 Build/HUAWEIEML-AL00) AppleWebKit/537.36 (KHTML, like Gecko) Version/4.0 Chrome/57.0.2987.108 baidu.sogo.uc.UCBrowser/11.9.4.974 UWS/2.13.1.48 Mobile Safari/537.36 AliApp(DingTalk/4.5.11) com.alibaba.android.rimet/10487439 Channel/227200 language/zh-CN"
93.63.162.100 - - [28/Mar/2020:09:37:35 -0400] "GET / HTTP/1.1" 403 4897 "-" "Mozilla/5.0 (Windows NT 10.0; Win64; x64) AppleWebKit/537.36 (KHTML, like Gecko) Chrome/74.0.3729.169 Safari/537.36"
171.67.70.85 - - [28/Mar/2020:10:02:06 -0400] "GET / HTTP/1.1" 403 4897 "-" "Mozilla/5.0 zgrab/0.x"
113.161.4.51 - - [28/Mar/2020:10:03:24 -0400] "GET / HTTP/1.1" 403 4897 "-" "Mozilla/5.0 (Windows NT 6.1; WOW64) AppleWebKit/537.36 (KHTML, like Gecko) Chrome/51.0.2704.103 Safari/537.36"
60.190.226.188 - - [28/Mar/2020:10:19:05 -0400] "CONNECT www.baidu.com:443 HTTP/1.0" 405 225 "-" "Mozilla/5.0 (Windows NT 6.1; WOW64; Trident/7.0; rv:11.0) like Gecko"
52.13.15.179 - - [28/Mar/2020:10:31:28 -0400] "GET / HTTP/1.1" 403 4897 "-" "Go-http-client/1.1"
120.77.223.116 - - [28/Mar/2020:11:06:18 -0400] "GET /TP/public/index.php HTTP/1.1" 404 217 "-" "Mozilla/5.0 (Windows; U; Windows NT 6.0;en-US; rv:1.9.2) Gecko/20100115 Firefox/3.6)"
61.129.7.235 - - [28/Mar/2020:11:09:39 -0400] "GET / HTTP/1.1" 403 4897 "" "Mozilla/5.0 (iPhone; CPU iPhone OS 8_4 like Mac OS X) AppleWebKit/600.1.4 (KHTML, like Gecko) Version/8.0 Mobile/12H143 Safari/600.1.4"
61.129.7.235 - - [28/Mar/2020:11:09:39 -0400] "GET /noindex/css/open-sans.css HTTP/1.1" 200 5081 "http://45.88.40.168/" "Mozilla/5.0 (iPhone; CPU iPhone OS 8_4 like Mac OS X) AppleWebKit/600.1.4 (KHTML, like Gecko) Version/8.0 Mobile/12H143 Safari/600.1.4"
61.129.7.235 - - [28/Mar/2020:11:09:39 -0400] "GET /images/apache_pb.gif HTTP/1.1" 200 2326 "http://45.88.40.168/" "Mozilla/5.0 (iPhone; CPU iPhone OS 8_4 like Mac OS X) AppleWebKit/600.1.4 (KHTML, like Gecko) Version/8.0 Mobile/12H143 Safari/600.1.4"
61.129.7.235 - - [28/Mar/2020:11:09:40 -0400] "GET /noindex/css/bootstrap.min.css HTTP/1.1" 200 19341 "http://45.88.40.168/" "Mozilla/5.0 (iPhone; CPU iPhone OS 8_4 like Mac OS X) AppleWebKit/600.1.4 (KHTML, like Gecko) Version/8.0 Mobile/12H143 Safari/600.1.4"
61.129.7.235 - - [28/Mar/2020:11:09:40 -0400] "GET /images/poweredby.png HTTP/1.1" 200 3956 "http://45.88.40.168/" "Mozilla/5.0 (iPhone; CPU iPhone OS 8_4 like Mac OS X) AppleWebKit/600.1.4 (KHTML, like Gecko) Version/8.0 Mobile/12H143 Safari/600.1.4"
61.129.7.235 - - [28/Mar/2020:11:09:41 -0400] "GET /noindex/css/fonts/Light/OpenSans-Light.woff HTTP/1.1" 404 241 "http://45.88.40.168/" "Mozilla/5.0 (iPhone; CPU iPhone OS 8_4 like Mac OS X) AppleWebKit/600.1.4 (KHTML, like Gecko) Version/8.0 Mobile/12H143 Safari/600.1.4"
61.129.7.235 - - [28/Mar/2020:11:09:41 -0400] "GET /noindex/css/fonts/Bold/OpenSans-Bold.woff HTTP/1.1" 404 239 "http://45.88.40.168/" "Mozilla/5.0 (iPhone; CPU iPhone OS 8_4 like Mac OS X) AppleWebKit/600.1.4 (KHTML, like Gecko) Version/8.0 Mobile/12H143 Safari/600.1.4"
61.129.7.235 - - [28/Mar/2020:11:09:41 -0400] "GET /noindex/css/fonts/Regular/OpenSans-Regular.woff HTTP/1.1" 404 245 "http://45.88.40.168/" "Mozilla/5.0 (iPhone; CPU iPhone OS 8_4 like Mac OS X) AppleWebKit/600.1.4 (KHTML, like Gecko) Version/8.0 Mobile/12H143 Safari/600.1.4"
61.129.7.235 - - [28/Mar/2020:11:09:41 -0400] "GET /noindex/css/fonts/Semibold/OpenSans-Semibold.woff HTTP/1.1" 404 247 "http://45.88.40.168/" "Mozilla/5.0 (iPhone; CPU iPhone OS 8_4 like Mac OS X) AppleWebKit/600.1.4 (KHTML, like Gecko) Version/8.0 Mobile/12H143 Safari/600.1.4"
61.129.7.235 - - [28/Mar/2020:11:09:41 -0400] "GET /noindex/css/fonts/ExtraBold/OpenSans-ExtraBold.woff HTTP/1.1" 404 249 "http://45.88.40.168/" "Mozilla/5.0 (iPhone; CPU iPhone OS 8_4 like Mac OS X) AppleWebKit/600.1.4 (KHTML, like Gecko) Version/8.0 Mobile/12H143 Safari/600.1.4"
61.129.7.235 - - [28/Mar/2020:11:09:41 -0400] "GET /noindex/css/fonts/Light/OpenSans-Light.ttf HTTP/1.1" 404 240 "http://45.88.40.168/" "Mozilla/5.0 (iPhone; CPU iPhone OS 8_4 like Mac OS X) AppleWebKit/600.1.4 (KHTML, like Gecko) Version/8.0 Mobile/12H143 Safari/600.1.4"
61.129.7.235 - - [28/Mar/2020:11:09:41 -0400] "GET /noindex/css/fonts/Regular/OpenSans-Regular.ttf HTTP/1.1" 404 244 "http://45.88.40.168/" "Mozilla/5.0 (iPhone; CPU iPhone OS 8_4 like Mac OS X) AppleWebKit/600.1.4 (KHTML, like Gecko) Version/8.0 Mobile/12H143 Safari/600.1.4"
61.129.7.235 - - [28/Mar/2020:11:09:41 -0400] "GET /noindex/css/fonts/Semibold/OpenSans-Semibold.ttf HTTP/1.1" 404 246 "http://45.88.40.168/" "Mozilla/5.0 (iPhone; CPU iPhone OS 8_4 like Mac OS X) AppleWebKit/600.1.4 (KHTML, like Gecko) Version/8.0 Mobile/12H143 Safari/600.1.4"
61.129.7.235 - - [28/Mar/2020:11:09:41 -0400] "GET /noindex/css/fonts/Regular/OpenSans-Regular.svg HTTP/1.1" 404 244 "http://45.88.40.168/" "Mozilla/5.0 (iPhone; CPU iPhone OS 8_4 like Mac OS X) AppleWebKit/600.1.4 (KHTML, like Gecko) Version/8.0 Mobile/12H143 Safari/600.1.4"
61.129.7.235 - - [28/Mar/2020:11:09:41 -0400] "GET /noindex/css/fonts/Semibold/OpenSans-Semibold.svg HTTP/1.1" 404 246 "http://45.88.40.168/" "Mozilla/5.0 (iPhone; CPU iPhone OS 8_4 like Mac OS X) AppleWebKit/600.1.4 (KHTML, like Gecko) Version/8.0 Mobile/12H143 Safari/600.1.4"
61.129.7.235 - - [28/Mar/2020:11:09:42 -0400] "GET /noindex/css/fonts/Bold/OpenSans-Bold.ttf HTTP/1.1" 404 238 "http://45.88.40.168/" "Mozilla/5.0 (iPhone; CPU iPhone OS 8_4 like Mac OS X) AppleWebKit/600.1.4 (KHTML, like Gecko) Version/8.0 Mobile/12H143 Safari/600.1.4"
61.129.7.235 - - [28/Mar/2020:11:09:42 -0400] "GET /noindex/css/fonts/ExtraBold/OpenSans-ExtraBold.ttf HTTP/1.1" 404 248 "http://45.88.40.168/" "Mozilla/5.0 (iPhone; CPU iPhone OS 8_4 like Mac OS X) AppleWebKit/600.1.4 (KHTML, like Gecko) Version/8.0 Mobile/12H143 Safari/600.1.4"
61.129.7.235 - - [28/Mar/2020:11:09:42 -0400] "GET /noindex/css/fonts/Bold/OpenSans-Bold.svg HTTP/1.1" 404 238 "http://45.88.40.168/" "Mozilla/5.0 (iPhone; CPU iPhone OS 8_4 like Mac OS X) AppleWebKit/600.1.4 (KHTML, like Gecko) Version/8.0 Mobile/12H143 Safari/600.1.4"
61.129.7.235 - - [28/Mar/2020:11:09:42 -0400] "GET /noindex/css/fonts/ExtraBold/OpenSans-ExtraBold.svg HTTP/1.1" 404 248 "http://45.88.40.168/" "Mozilla/5.0 (iPhone; CPU iPhone OS 8_4 like Mac OS X) AppleWebKit/600.1.4 (KHTML, like Gecko) Version/8.0 Mobile/12H143 Safari/600.1.4"
61.129.7.235 - - [28/Mar/2020:11:09:43 -0400] "GET /noindex/css/fonts/Light/OpenSans-Light.svg HTTP/1.1" 404 240 "http://45.88.40.168/" "Mozilla/5.0 (iPhone; CPU iPhone OS 8_4 like Mac OS X) AppleWebKit/600.1.4 (KHTML, like Gecko) Version/8.0 Mobile/12H143 Safari/600.1.4"
::1 - - [28/Mar/2020:11:09:49 -0400] "OPTIONS * HTTP/1.0" 200 - "-" "Apache/2.4.6 (CentOS) (internal dummy connection)"
58.246.221.61 - - [28/Mar/2020:11:21:15 -0400] "GET / HTTP/1.1" 403 4897 "-" "Mozilla/5.0 (Windows NT 6.1; WOW64) AppleWebKit/537.36 (KHTML, like Gecko) Chrome/43.0.2357.124 Safari/537.36"
101.89.239.216 - - [28/Mar/2020:11:21:28 -0400] "GET / HTTP/1.1" 403 4897 "" "Mozilla/5.0 (Linux; U; Android 4.4.4; zh-cn; MX4 Pro Build/KTU84P) AppleWebKit/534.30 (KHTML, like Gecko) Version/4.0 Mobile Safari/534.30"
101.89.239.216 - - [28/Mar/2020:11:21:29 -0400] "GET /noindex/css/bootstrap.min.css HTTP/1.1" 200 19341 "http://45.88.40.168/" "Mozilla/5.0 (Linux; U; Android 4.4.4; zh-cn; MX4 Pro Build/KTU84P) AppleWebKit/534.30 (KHTML, like Gecko) Version/4.0 Mobile Safari/534.30"
101.89.239.216 - - [28/Mar/2020:11:21:29 -0400] "GET /noindex/css/open-sans.css HTTP/1.1" 200 5081 "http://45.88.40.168/" "Mozilla/5.0 (Linux; U; Android 4.4.4; zh-cn; MX4 Pro Build/KTU84P) AppleWebKit/534.30 (KHTML, like Gecko) Version/4.0 Mobile Safari/534.30"
101.89.239.216 - - [28/Mar/2020:11:21:30 -0400] "GET /images/poweredby.png HTTP/1.1" 200 3956 "http://45.88.40.168/" "Mozilla/5.0 (Linux; U; Android 4.4.4; zh-cn; MX4 Pro Build/KTU84P) AppleWebKit/534.30 (KHTML, like Gecko) Version/4.0 Mobile Safari/534.30"
101.89.239.216 - - [28/Mar/2020:11:21:30 -0400] "GET /images/apache_pb.gif HTTP/1.1" 200 2326 "http://45.88.40.168/" "Mozilla/5.0 (Linux; U; Android 4.4.4; zh-cn; MX4 Pro Build/KTU84P) AppleWebKit/534.30 (KHTML, like Gecko) Version/4.0 Mobile Safari/534.30"
101.89.239.216 - - [28/Mar/2020:11:21:30 -0400] "GET /noindex/css/fonts/Light/OpenSans-Light.woff HTTP/1.1" 404 241 "http://45.88.40.168/" "Mozilla/5.0 (Linux; U; Android 4.4.4; zh-cn; MX4 Pro Build/KTU84P) AppleWebKit/534.30 (KHTML, like Gecko) Version/4.0 Mobile Safari/534.30"
101.89.239.216 - - [28/Mar/2020:11:21:30 -0400] "GET /noindex/css/fonts/ExtraBold/OpenSans-ExtraBold.woff HTTP/1.1" 404 249 "http://45.88.40.168/" "Mozilla/5.0 (Linux; U; Android 4.4.4; zh-cn; MX4 Pro Build/KTU84P) AppleWebKit/534.30 (KHTML, like Gecko) Version/4.0 Mobile Safari/534.30"
101.89.239.216 - - [28/Mar/2020:11:21:30 -0400] "GET /noindex/css/fonts/Semibold/OpenSans-Semibold.woff HTTP/1.1" 404 247 "http://45.88.40.168/" "Mozilla/5.0 (Linux; U; Android 4.4.4; zh-cn; MX4 Pro Build/KTU84P) AppleWebKit/534.30 (KHTML, like Gecko) Version/4.0 Mobile Safari/534.30"
101.89.239.216 - - [28/Mar/2020:11:21:30 -0400] "GET /noindex/css/fonts/Bold/OpenSans-Bold.woff HTTP/1.1" 404 239 "http://45.88.40.168/" "Mozilla/5.0 (Linux; U; Android 4.4.4; zh-cn; MX4 Pro Build/KTU84P) AppleWebKit/534.30 (KHTML, like Gecko) Version/4.0 Mobile Safari/534.30"
101.89.239.216 - - [28/Mar/2020:11:21:30 -0400] "GET /noindex/css/fonts/Regular/OpenSans-Regular.woff HTTP/1.1" 404 245 "http://45.88.40.168/" "Mozilla/5.0 (Linux; U; Android 4.4.4; zh-cn; MX4 Pro Build/KTU84P) AppleWebKit/534.30 (KHTML, like Gecko) Version/4.0 Mobile Safari/534.30"
101.89.239.216 - - [28/Mar/2020:11:21:30 -0400] "GET /noindex/css/fonts/Light/OpenSans-Light.ttf HTTP/1.1" 404 240 "http://45.88.40.168/" "Mozilla/5.0 (Linux; U; Android 4.4.4; zh-cn; MX4 Pro Build/KTU84P) AppleWebKit/534.30 (KHTML, like Gecko) Version/4.0 Mobile Safari/534.30"
101.89.239.216 - - [28/Mar/2020:11:21:30 -0400] "GET /noindex/css/fonts/ExtraBold/OpenSans-ExtraBold.ttf HTTP/1.1" 404 248 "http://45.88.40.168/" "Mozilla/5.0 (Linux; U; Android 4.4.4; zh-cn; MX4 Pro Build/KTU84P) AppleWebKit/534.30 (KHTML, like Gecko) Version/4.0 Mobile Safari/534.30"
101.89.239.216 - - [28/Mar/2020:11:21:30 -0400] "GET /noindex/css/fonts/Light/OpenSans-Light.svg HTTP/1.1" 404 240 "http://45.88.40.168/" "Mozilla/5.0 (Linux; U; Android 4.4.4; zh-cn; MX4 Pro Build/KTU84P) AppleWebKit/534.30 (KHTML, like Gecko) Version/4.0 Mobile Safari/534.30"
101.89.239.216 - - [28/Mar/2020:11:21:30 -0400] "GET /noindex/css/fonts/Semibold/OpenSans-Semibold.ttf HTTP/1.1" 404 246 "http://45.88.40.168/" "Mozilla/5.0 (Linux; U; Android 4.4.4; zh-cn; MX4 Pro Build/KTU84P) AppleWebKit/534.30 (KHTML, like Gecko) Version/4.0 Mobile Safari/534.30"
101.89.239.216 - - [28/Mar/2020:11:21:30 -0400] "GET /noindex/css/fonts/Regular/OpenSans-Regular.ttf HTTP/1.1" 404 244 "http://45.88.40.168/" "Mozilla/5.0 (Linux; U; Android 4.4.4; zh-cn; MX4 Pro Build/KTU84P) AppleWebKit/534.30 (KHTML, like Gecko) Version/4.0 Mobile Safari/534.30"
101.89.239.216 - - [28/Mar/2020:11:21:30 -0400] "GET /noindex/css/fonts/ExtraBold/OpenSans-ExtraBold.svg HTTP/1.1" 404 248 "http://45.88.40.168/" "Mozilla/5.0 (Linux; U; Android 4.4.4; zh-cn; MX4 Pro Build/KTU84P) AppleWebKit/534.30 (KHTML, like Gecko) Version/4.0 Mobile Safari/534.30"
101.89.239.216 - - [28/Mar/2020:11:21:30 -0400] "GET /noindex/css/fonts/Regular/OpenSans-Regular.svg HTTP/1.1" 404 244 "http://45.88.40.168/" "Mozilla/5.0 (Linux; U; Android 4.4.4; zh-cn; MX4 Pro Build/KTU84P) AppleWebKit/534.30 (KHTML, like Gecko) Version/4.0 Mobile Safari/534.30"
101.89.239.216 - - [28/Mar/2020:11:21:31 -0400] "GET /noindex/css/fonts/Bold/OpenSans-Bold.ttf HTTP/1.1" 404 238 "http://45.88.40.168/" "Mozilla/5.0 (Linux; U; Android 4.4.4; zh-cn; MX4 Pro Build/KTU84P) AppleWebKit/534.30 (KHTML, like Gecko) Version/4.0 Mobile Safari/534.30"
101.89.239.216 - - [28/Mar/2020:11:21:31 -0400] "GET /noindex/css/fonts/Semibold/OpenSans-Semibold.svg HTTP/1.1" 404 246 "http://45.88.40.168/" "Mozilla/5.0 (Linux; U; Android 4.4.4; zh-cn; MX4 Pro Build/KTU84P) AppleWebKit/534.30 (KHTML, like Gecko) Version/4.0 Mobile Safari/534.30"
101.89.239.216 - - [28/Mar/2020:11:21:31 -0400] "GET /noindex/css/fonts/Bold/OpenSans-Bold.svg HTTP/1.1" 404 238 "http://45.88.40.168/" "Mozilla/5.0 (Linux; U; Android 4.4.4; zh-cn; MX4 Pro Build/KTU84P) AppleWebKit/534.30 (KHTML, like Gecko) Version/4.0 Mobile Safari/534.30"
::1 - - [28/Mar/2020:11:21:37 -0400] "OPTIONS * HTTP/1.0" 200 - "-" "Apache/2.4.6 (CentOS) (internal dummy connection)"
144.48.142.222 - - [28/Mar/2020:11:28:10 -0400] "GET / HTTP/1.1" 403 4897 "-" "Mozilla/5.0 (Windows NT 10.0; Win64; x64) AppleWebKit/537.36 (KHTML, like Gecko) Chrome/80.0.3987.122 Safari/537.36"
144.48.142.222 - - [28/Mar/2020:11:28:11 -0400] "GET /noindex/css/bootstrap.min.css HTTP/1.1" 200 19341 "http://keepnaive233.network/" "Mozilla/5.0 (Windows NT 10.0; Win64; x64) AppleWebKit/537.36 (KHTML, like Gecko) Chrome/80.0.3987.122 Safari/537.36"
144.48.142.222 - - [28/Mar/2020:11:28:11 -0400] "GET /noindex/css/open-sans.css HTTP/1.1" 200 5081 "http://keepnaive233.network/" "Mozilla/5.0 (Windows NT 10.0; Win64; x64) AppleWebKit/537.36 (KHTML, like Gecko) Chrome/80.0.3987.122 Safari/537.36"
144.48.142.222 - - [28/Mar/2020:11:28:11 -0400] "GET /images/apache_pb.gif HTTP/1.1" 200 2326 "http://keepnaive233.network/" "Mozilla/5.0 (Windows NT 10.0; Win64; x64) AppleWebKit/537.36 (KHTML, like Gecko) Chrome/80.0.3987.122 Safari/537.36"
144.48.142.222 - - [28/Mar/2020:11:28:11 -0400] "GET /images/poweredby.png HTTP/1.1" 200 3956 "http://keepnaive233.network/" "Mozilla/5.0 (Windows NT 10.0; Win64; x64) AppleWebKit/537.36 (KHTML, like Gecko) Chrome/80.0.3987.122 Safari/537.36"
144.48.142.222 - - [28/Mar/2020:11:28:16 -0400] "GET /noindex/css/fonts/Bold/OpenSans-Bold.woff HTTP/1.1" 404 239 "http://keepnaive233.network/noindex/css/open-sans.css" "Mozilla/5.0 (Windows NT 10.0; Win64; x64) AppleWebKit/537.36 (KHTML, like Gecko) Chrome/80.0.3987.122 Safari/537.36"
144.48.142.222 - - [28/Mar/2020:11:28:16 -0400] "GET /noindex/css/fonts/Light/OpenSans-Light.woff HTTP/1.1" 404 241 "http://keepnaive233.network/noindex/css/open-sans.css" "Mozilla/5.0 (Windows NT 10.0; Win64; x64) AppleWebKit/537.36 (KHTML, like Gecko) Chrome/80.0.3987.122 Safari/537.36"
144.48.142.222 - - [28/Mar/2020:11:28:17 -0400] "GET /noindex/css/fonts/Bold/OpenSans-Bold.ttf HTTP/1.1" 404 238 "http://keepnaive233.network/noindex/css/open-sans.css" "Mozilla/5.0 (Windows NT 10.0; Win64; x64) AppleWebKit/537.36 (KHTML, like Gecko) Chrome/80.0.3987.122 Safari/537.36"
144.48.142.222 - - [28/Mar/2020:11:28:18 -0400] "GET /noindex/css/fonts/Light/OpenSans-Light.ttf HTTP/1.1" 404 240 "http://keepnaive233.network/noindex/css/open-sans.css" "Mozilla/5.0 (Windows NT 10.0; Win64; x64) AppleWebKit/537.36 (KHTML, like Gecko) Chrome/80.0.3987.122 Safari/537.36"
144.48.142.222 - - [28/Mar/2020:11:28:54 -0400] "GET / HTTP/1.1" 403 4897 "-" "Mozilla/5.0 (Windows NT 10.0; Win64; x64) AppleWebKit/537.36 (KHTML, like Gecko) Chrome/80.0.3987.122 Safari/537.36"
144.48.142.222 - - [28/Mar/2020:11:28:56 -0400] "GET /noindex/css/fonts/Light/OpenSans-Light.woff HTTP/1.1" 404 241 "http://keepnaive233.network/noindex/css/open-sans.css" "Mozilla/5.0 (Windows NT 10.0; Win64; x64) AppleWebKit/537.36 (KHTML, like Gecko) Chrome/80.0.3987.122 Safari/537.36"
144.48.142.222 - - [28/Mar/2020:11:28:56 -0400] "GET /noindex/css/fonts/Bold/OpenSans-Bold.woff HTTP/1.1" 404 239 "http://keepnaive233.network/noindex/css/open-sans.css" "Mozilla/5.0 (Windows NT 10.0; Win64; x64) AppleWebKit/537.36 (KHTML, like Gecko) Chrome/80.0.3987.122 Safari/537.36"
144.48.142.222 - - [28/Mar/2020:11:28:57 -0400] "GET /noindex/css/fonts/Light/OpenSans-Light.ttf HTTP/1.1" 404 240 "http://keepnaive233.network/noindex/css/open-sans.css" "Mozilla/5.0 (Windows NT 10.0; Win64; x64) AppleWebKit/537.36 (KHTML, like Gecko) Chrome/80.0.3987.122 Safari/537.36"
144.48.142.222 - - [28/Mar/2020:11:28:57 -0400] "GET /noindex/css/fonts/Bold/OpenSans-Bold.ttf HTTP/1.1" 404 238 "http://keepnaive233.network/noindex/css/open-sans.css" "Mozilla/5.0 (Windows NT 10.0; Win64; x64) AppleWebKit/537.36 (KHTML, like Gecko) Chrome/80.0.3987.122 Safari/537.36"
34.222.229.130 - - [28/Mar/2020:11:35:39 -0400] "GET /.well-known/acme-challenge/74-ZmgXRZMPARva0jJPAvaF0PEXNmCumI9lrN_BghlM HTTP/1.1" 403 272 "-" "Mozilla/5.0 (compatible; Let's Encrypt validation server; +https://www.letsencrypt.org)"
3.14.255.131 - - [28/Mar/2020:11:35:39 -0400] "GET /.well-known/acme-challenge/74-ZmgXRZMPARva0jJPAvaF0PEXNmCumI9lrN_BghlM HTTP/1.1" 403 272 "-" "Mozilla/5.0 (compatible; Let's Encrypt validation server; +https://www.letsencrypt.org)"
66.133.109.36 - - [28/Mar/2020:11:35:39 -0400] "GET /.well-known/acme-challenge/74-ZmgXRZMPARva0jJPAvaF0PEXNmCumI9lrN_BghlM HTTP/1.1" 403 272 "-" "Mozilla/5.0 (compatible; Let's Encrypt validation server; +https://www.letsencrypt.org)"
18.194.58.132 - - [28/Mar/2020:11:35:39 -0400] "GET /.well-known/acme-challenge/74-ZmgXRZMPARva0jJPAvaF0PEXNmCumI9lrN_BghlM HTTP/1.1" 403 272 "-" "Mozilla/5.0 (compatible; Let's Encrypt validation server; +https://www.letsencrypt.org)"
144.48.142.222 - - [28/Mar/2020:11:37:24 -0400] "GET / HTTP/1.1" 200 186 "-" "Mozilla/5.0 (Windows NT 10.0; Win64; x64) AppleWebKit/537.36 (KHTML, like Gecko) Chrome/80.0.3987.122 Safari/537.36"
144.48.142.222 - - [28/Mar/2020:11:37:25 -0400] "GET /80383507_p0.jpg HTTP/1.1" 200 1140528 "http://keepnaive233.network/" "Mozilla/5.0 (Windows NT 10.0; Win64; x64) AppleWebKit/537.36 (KHTML, like Gecko) Chrome/80.0.3987.122 Safari/537.36"
34.209.232.166 - - [28/Mar/2020:11:38:35 -0400] "GET /.well-known/acme-challenge/VR97bl5mngttg_X6oeOfsArZIYhvVrj-a_tuBKQ2Fac HTTP/1.1" 403 272 "-" "Mozilla/5.0 (compatible; Let's Encrypt validation server; +https://www.letsencrypt.org)"
52.15.254.228 - - [28/Mar/2020:11:38:35 -0400] "GET /.well-known/acme-challenge/VR97bl5mngttg_X6oeOfsArZIYhvVrj-a_tuBKQ2Fac HTTP/1.1" 403 272 "-" "Mozilla/5.0 (compatible; Let's Encrypt validation server; +https://www.letsencrypt.org)"
64.78.149.164 - - [28/Mar/2020:11:38:35 -0400] "GET /.well-known/acme-challenge/VR97bl5mngttg_X6oeOfsArZIYhvVrj-a_tuBKQ2Fac HTTP/1.1" 403 272 "-" "Mozilla/5.0 (compatible; Let's Encrypt validation server; +https://www.letsencrypt.org)"
52.28.236.88 - - [28/Mar/2020:11:38:35 -0400] "GET /.well-known/acme-challenge/VR97bl5mngttg_X6oeOfsArZIYhvVrj-a_tuBKQ2Fac HTTP/1.1" 403 272 "-" "Mozilla/5.0 (compatible; Let's Encrypt validation server; +https://www.letsencrypt.org)"
45.55.145.46 - - [28/Mar/2020:12:36:54 -0400] "GET / HTTP/1.1" 200 186 "-" "-"
162.243.129.33 - - [28/Mar/2020:12:56:19 -0400] "GET / HTTP/1.1" 200 186 "-" "Mozilla/5.0 zgrab/0.x"
94.140.114.53 - - [28/Mar/2020:14:38:26 -0400] "GET / HTTP/1.0" 200 186 "-" "Pandalytics/1.0 (https://domainsbot.com/pandalytics/)"
139.162.106.181 - - [28/Mar/2020:14:57:23 -0400] "GET / HTTP/1.1" 200 186 "-" "HTTP Banner Detection (https://security.ipip.net)"
187.250.172.212 - - [28/Mar/2020:15:11:14 -0400] "GET / HTTP/1.1" 400 226 "-" "-"
185.14.233.160 - - [28/Mar/2020:15:23:28 -0400] "GET / HTTP/1.0" 200 186 "-" "-"
171.67.70.85 - - [28/Mar/2020:16:08:11 -0400] "GET / HTTP/1.1" 200 186 "-" "Mozilla/5.0 zgrab/0.x"
3.234.177.156 - - [28/Mar/2020:17:00:14 -0400] "GET / HTTP/1.1" 200 186 "-" "Mozilla"
104.152.52.39 - - [28/Mar/2020:18:02:19 -0400] "GET / HTTP/1.0" 200 186 "-" "masscan/1.0 (https://github.com/robertdavidgraham/masscan)"
34.223.67.104 - - [28/Mar/2020:18:54:33 -0400] "GET / HTTP/1.1" 200 186 "-" "Go-http-client/1.1"
52.82.21.33 - - [28/Mar/2020:19:01:21 -0400] "GET /TP/public/index.php HTTP/1.1" 404 217 "-" "Mozilla/5.0 (Windows; U; Windows NT 6.0;en-US; rv:1.9.2) Gecko/20100115 Firefox/3.6)"
52.82.21.33 - - [28/Mar/2020:19:01:22 -0400] "GET /TP/index.php HTTP/1.1" 404 210 "-" "Mozilla/5.0 (Windows; U; Windows NT 6.0;en-US; rv:1.9.2) Gecko/20100115 Firefox/3.6)"
52.82.21.33 - - [28/Mar/2020:19:01:22 -0400] "GET /thinkphp/html/public/index.php HTTP/1.1" 404 228 "-" "Mozilla/5.0 (Windows; U; Windows NT 6.0;en-US; rv:1.9.2) Gecko/20100115 Firefox/3.6)"
52.82.21.33 - - [28/Mar/2020:19:01:22 -0400] "GET /html/public/index.php HTTP/1.1" 404 219 "-" "Mozilla/5.0 (Windows; U; Windows NT 6.0;en-US; rv:1.9.2) Gecko/20100115 Firefox/3.6)"
52.82.21.33 - - [28/Mar/2020:19:01:23 -0400] "GET /public/index.php HTTP/1.1" 404 214 "-" "Mozilla/5.0 (Windows; U; Windows NT 6.0;en-US; rv:1.9.2) Gecko/20100115 Firefox/3.6)"
52.82.21.33 - - [28/Mar/2020:19:01:23 -0400] "GET /TP/html/public/index.php HTTP/1.1" 404 222 "-" "Mozilla/5.0 (Windows; U; Windows NT 6.0;en-US; rv:1.9.2) Gecko/20100115 Firefox/3.6)"
52.82.21.33 - - [28/Mar/2020:19:01:24 -0400] "GET /elrekt.php HTTP/1.1" 404 208 "-" "Mozilla/5.0 (Windows; U; Windows NT 6.0;en-US; rv:1.9.2) Gecko/20100115 Firefox/3.6)"
52.82.21.33 - - [28/Mar/2020:19:01:24 -0400] "GET /index.php HTTP/1.1" 404 207 "-" "Mozilla/5.0 (Windows; U; Windows NT 6.0;en-US; rv:1.9.2) Gecko/20100115 Firefox/3.6)"
52.82.21.33 - - [28/Mar/2020:19:01:24 -0400] "GET / HTTP/1.1" 200 186 "-" "Mozilla/5.0 (Windows; U; Windows NT 6.0;en-US; rv:1.9.2) Gecko/20100115 Firefox/3.6)"
::1 - - [28/Mar/2020:19:01:25 -0400] "OPTIONS * HTTP/1.0" 200 - "-" "Apache/2.4.6 (CentOS) (internal dummy connection)"
::1 - - [28/Mar/2020:19:01:26 -0400] "OPTIONS * HTTP/1.0" 200 - "-" "Apache/2.4.6 (CentOS) (internal dummy connection)"
::1 - - [28/Mar/2020:19:01:27 -0400] "OPTIONS * HTTP/1.0" 200 - "-" "Apache/2.4.6 (CentOS) (internal dummy connection)"
162.243.129.41 - - [28/Mar/2020:19:29:21 -0400] "GET /portal/redlion HTTP/1.1" 404 212 "-" "Mozilla/5.0 zgrab/0.x"
54.88.254.74 - - [28/Mar/2020:19:38:57 -0400] "GET / HTTP/1.1" 200 186 "-" "Mozilla/5.0 (X11; Linux x86_64) AppleWebKit/537.36 (KHTML, like Gecko) Chrome/58.0.3029.110 Safari/537.36"
167.114.250.111 - - [28/Mar/2020:19:45:47 -0400] "GET / HTTP/1.1" 200 186 "-" "Mozilla/5.0 (Windows NT 10.0; Win64; x64; rv:71.0) Gecko/20100101 Firefox/71.0"
167.114.250.111 - - [28/Mar/2020:19:45:48 -0400] "GET /ads.txt HTTP/1.1" 404 205 "-" "Mozilla/5.0 (Windows NT 10.0; Win64; x64; rv:71.0) Gecko/20100101 Firefox/71.0"
35.237.23.151 - - [28/Mar/2020:20:04:42 -0400] "GET / HTTP/1.1" 200 186 "-" "Mozilla/5.0 (Windows NT 10.0; Win64; x64; rv:57.0) Gecko/20100101 Firefox/57.0"
35.237.23.151 - - [28/Mar/2020:20:04:43 -0400] "GET /80383507_p0.jpg HTTP/1.1" 200 1140528 "http://keepnaive233.network/" "Mozilla/5.0 (Windows NT 10.0; Win64; x64; rv:57.0) Gecko/20100101 Firefox/57.0"
62.210.83.78 - - [28/Mar/2020:20:14:28 -0400] "GET / HTTP/1.1" 200 186 "-" "Mozilla/5.0 (Windows NT 10.0; Win64; x64) AppleWebKit/537.36 (KHTML, like Gecko) Chrome/74.0.3729.157 Safari/537.36"
189.201.243.92 - - [28/Mar/2020:20:27:01 -0400] "POST /boaform/admin/formPing HTTP/1.1" 400 226 "-" "polaris botnet"
107.6.183.162 - - [28/Mar/2020:21:06:09 -0400] "GET / HTTP/1.1" 200 186 "-" "Mozilla/5.0 (Windows NT 10.0; WOW64) AppleWebKit/537.36 (KHTML, like Gecko) Chrome/66.0.3359.117 Safari/537.36"
36.79.252.123 - - [28/Mar/2020:21:57:07 -0400] "GET / HTTP/1.1" 200 186 "-" "Mozilla/5.0 (Windows NT 6.1; WOW64) AppleWebKit/537.36 (KHTML, like Gecko) Chrome/52.0.2743.116 Safari/537.36"
171.67.70.85 - - [28/Mar/2020:22:00:59 -0400] "GET / HTTP/1.1" 200 186 "-" "Mozilla/5.0 zgrab/0.x"
66.240.205.34 - - [28/Mar/2020:22:46:50 -0400] "Gh0st\xad" 400 226 "-" "-"
120.84.10.99 - - [29/Mar/2020:00:08:44 -0400] "GET / HTTP/1.1" 200 186 "-" "Mozilla/5.0 (Windows NT 10.0; Win64; x64) AppleWebKit/537.36 (KHTML, like Gecko) Chrome/70.0.3538.102 Safari/537.36 Edge/18.18362"
120.84.10.99 - - [29/Mar/2020:00:08:44 -0400] "GET /80383507_p0.jpg HTTP/1.1" 200 1140528 "http://keepnaive233.network/" "Mozilla/5.0 (Windows NT 10.0; Win64; x64) AppleWebKit/537.36 (KHTML, like Gecko) Chrome/70.0.3538.102 Safari/537.36 Edge/18.18362"
120.84.10.99 - - [29/Mar/2020:00:08:49 -0400] "GET /favicon.ico HTTP/1.1" 404 209 "-" "Mozilla/5.0 (Windows NT 10.0; Win64; x64) AppleWebKit/537.36 (KHTML, like Gecko) Chrome/70.0.3538.102 Safari/537.36 Edge/18.18362"
120.84.10.99 - - [29/Mar/2020:00:08:51 -0400] "GET /favicon.ico HTTP/1.1" 404 209 "-" "Mozilla/5.0 (Windows NT 10.0; Win64; x64) AppleWebKit/537.36 (KHTML, like Gecko) Chrome/70.0.3538.102 Safari/537.36 Edge/18.18362"
120.84.10.99 - - [29/Mar/2020:00:08:49 -0400] "GET /80383507_p0.jpg HTTP/1.1" 200 1140528 "http://keepnaive233.network/" "Mozilla/5.0 (Windows NT 10.0; Win64; x64) AppleWebKit/537.36 (KHTML, like Gecko) Chrome/70.0.3538.102 Safari/537.36 Edge/18.18362"
120.84.10.99 - - [29/Mar/2020:00:08:51 -0400] "GET /80383507_p0.jpg HTTP/1.1" 206 327995 "http://keepnaive233.network/" "Mozilla/5.0 (Windows NT 10.0; Win64; x64) AppleWebKit/537.36 (KHTML, like Gecko) Chrome/70.0.3538.102 Safari/537.36 Edge/18.18362"
120.84.10.99 - - [29/Mar/2020:00:08:53 -0400] "GET /80383507_p0.jpg HTTP/1.1" 206 324108 "http://keepnaive233.network/" "Mozilla/5.0 (Windows NT 10.0; Win64; x64) AppleWebKit/537.36 (KHTML, like Gecko) Chrome/70.0.3538.102 Safari/537.36 Edge/18.18362"
120.84.10.99 - - [29/Mar/2020:00:08:53 -0400] "GET /80383507_p0.jpg HTTP/1.1" 206 1073044 "http://keepnaive233.network/" "Mozilla/5.0 (Windows NT 10.0; Win64; x64) AppleWebKit/537.36 (KHTML, like Gecko) Chrome/70.0.3538.102 Safari/537.36 Edge/18.18362"
120.84.10.99 - - [29/Mar/2020:00:08:54 -0400] "GET /80383507_p0.jpg HTTP/1.1" 206 321633 "http://keepnaive233.network/" "Mozilla/5.0 (Windows NT 10.0; Win64; x64) AppleWebKit/537.36 (KHTML, like Gecko) Chrome/70.0.3538.102 Safari/537.36 Edge/18.18362"
120.84.10.99 - - [29/Mar/2020:00:08:55 -0400] "GET /80383507_p0.jpg HTTP/1.1" 206 1050801 "http://keepnaive233.network/" "Mozilla/5.0 (Windows NT 10.0; Win64; x64) AppleWebKit/537.36 (KHTML, like Gecko) Chrome/70.0.3538.102 Safari/537.36 Edge/18.18362"
120.84.10.99 - - [29/Mar/2020:00:09:41 -0400] "-" 408 - "-" "-"
120.84.10.99 - - [29/Mar/2020:00:10:12 -0400] "GET / HTTP/1.1" 304 - "-" "Mozilla/5.0 (Windows NT 10.0; Win64; x64) AppleWebKit/537.36 (KHTML, like Gecko) Chrome/70.0.3538.102 Safari/537.36 Edge/18.18362"
120.84.10.99 - - [29/Mar/2020:00:10:12 -0400] "GET /80383507_p0.jpg HTTP/1.1" 304 - "http://keepnaive233.network/" "Mozilla/5.0 (Windows NT 10.0; Win64; x64) AppleWebKit/537.36 (KHTML, like Gecko) Chrome/70.0.3538.102 Safari/537.36 Edge/18.18362"
